// Jest Snapshot v1, https://goo.gl/fbAQLP

exports[`enaled request abort task make request with abort function 1`] = `
Object {
  "cancel": [Function],
  "defer": Object {
    "defer": Promise {},
    "promise": Promise {},
    "reject": [Function],
    "resolve": [Function],
  },
  "request": Promise {},
}
`;

exports[`fetch api just make a normal request 1`] = `
Object {
  "error": "User with 6 not found.",
  "statusCode": 200,
}
`;
